[
  {
    "Name": "repeated_forms",
    "Chosen": "Das Haus steht neben dem Haus am ruhigen See.",
    "Alternatives": 0,
    "Score": 75
  },
  {
    "Name": "long_sentence",
    "Chosen": "Dieses außergewöhnlich alte Haus steht seit vielen Jahrzehnten hoch über dem ruhigen Tal und bietet seinen Bewohnern trotz der langen kalten Winter einen erstaunlich schönen Blick auf die fernen Berge und grünen Wälder der gesamten Region.",
    "Alternatives": 0,
    "Score": 70
  },
  {
    "Name": "ties",
    "Chosen": "Unser Haus steht seit Jahren ruhig am See.",
    "Alternatives": 1,
    "Score": 85
  },
  {
    "Name": "missing_candidates",
    "Chosen": "",
    "Alternatives": 0,
    "Score": 0
  }
]
